=== run 2026-09-07T02:46:14.064Z === categories=726
OV [1] A Series smartphone -> OK
OV [2] A2 Core (A260/2019) smartphone -> none
OV [3] A21 (A215/2020) smartphone -> none
OV [4] A50s (A507/2019) smartphone -> none
OV [5] A60 (A606/2019) smartphone -> none
OV [6] A71 5G (A716/2020) smartphone -> none
OV [7] Accesoires smartphone -> none
OV [8] APPLE PARTS smartphone -> OK
OV [9] smartwatch -> OK
OV [10] Ascend Mate 2 smartphone -> none
OV [11] Ascend Mate 7 smartphone -> OK
OV [12] Batteries smartphone -> OK
OV [13] phone charging cable -> none
OV [14] Cool Gadgets smartphone -> OK
OV [15] Creativity smartphone -> OK
OV [16] DEVICES smartphone -> OK
OV [17] Galaxy A01 smartphone -> OK
OV [18] Galaxy A01 Core smartphone -> none
OV [19] Galaxy A02 smartphone -> OK
OV [20] Galaxy A02s smartphone -> OK
OV [21] Galaxy A03 smartphone -> none
OV [22] Galaxy A03 Core smartphone -> none
OV [23] Galaxy A04S smartphone -> none
OV [24] Galaxy A06 smartphone -> none
OV [25] Galaxy A10 smartphone -> OK
OV [26] Galaxy A10e smartphone -> OK
OV [27] Galaxy A10s smartphone -> OK
OV [28] Galaxy A11 smartphone -> none
OV [29] Galaxy A12 smartphone -> none
OV [30] Galaxy A12 Nacho smartphone -> none
OV [31] Galaxy A13 smartphone -> OK
OV [32] Galaxy A13 (2022) smartphone -> none
OV [33] Galaxy A13 5G smartphone -> none
OV [34] Galaxy A15 4G smartphone -> none
OV [35] Galaxy A15 5G smartphone -> none
OV [36] Galaxy A16 4G smartphone -> none
OV [37] Galaxy A16 5G smartphone -> none
OV [38] Galaxy A20 smartphone -> OK
OV [39] Galaxy A20e smartphone -> OK
OV [40] Galaxy A20s smartphone -> OK
OV [41] Galaxy A21s smartphone -> none
OV [42] Galaxy A22 smartphone -> none
OV [43] Galaxy A22 5G smartphone -> none
OV [44] Galaxy A23 4G smartphone -> none
OV [45] Galaxy A23 5G smartphone -> none
OV [46] Galaxy A3 smartphone -> none
OV [47] Galaxy A3 (2016) smartphone -> none
OV [48] Galaxy A3 (2017) smartphone -> none
OV [49] Galaxy A30 smartphone -> none
OV [50] Galaxy A30s smartphone -> none
OV [51] Galaxy A31 smartphone -> none
OV [52] Galaxy A32 4G smartphone -> none
OV [53] Galaxy A32 5G smartphone -> none
OV [54] Galaxy A33 5G smartphone -> none
OV [55] Galaxy A4 smartphone -> none
OV [56] Galaxy A40 smartphone -> OK
OV [57] Galaxy A41 smartphone -> OK
OV [58] Galaxy A42 5G smartphone -> none
OV [59] Galaxy A5 smartphone -> OK
OV [60] Galaxy A5 (2016) smartphone -> OK
OV [61] Galaxy A5 (2017) smartphone -> OK
OV [62] Galaxy A50 smartphone -> none
OV [63] Galaxy A51 smartphone -> OK
OV [64] Galaxy A51 5G smartphone -> none
OV [65] Galaxy A52 4G smartphone -> none
OV [66] Galaxy A52 5G smartphone -> none
OV [67] Galaxy A55 5G smartphone -> none
OV [68] Galaxy A6 (2018) smartphone -> none
OV [69] Galaxy A6 Plus (2018) smartphone -> none
OV [70] Galaxy A7 (2016) smartphone -> none
OV [71] Galaxy A7 (2017) smartphone -> none
OV [72] Galaxy A7 (2018) smartphone -> none
OV [73] Galaxy A70 smartphone -> OK
OV [74] Galaxy A71 smartphone -> none
OV [75] Galaxy A71 5G smartphone -> none
OV [76] Galaxy A72 4G smartphone -> none
OV [77] Galaxy A72 5G smartphone -> none
OV [78] Galaxy A73 5G smartphone -> none
OV [79] Galaxy A8 (2018) smartphone -> OK
OV [80] Galaxy A8 Plus (2018) smartphone -> none
OV [81] Galaxy A80 smartphone -> OK
OV [82] Galaxy A9 (2018) smartphone -> OK
OV [83] Galaxy A90 smartphone -> OK
OV [84] Galaxy A90 5G smartphone -> OK
OV [85] Galaxy Ace 4 smartphone -> OK
OV [86] Galaxy Alpha smartphone -> OK
OV [87] Galaxy Fold smartphone -> OK
OV [88] Galaxy Fold 5G smartphone -> OK
OV [89] Galaxy J1 smartphone -> none
OV [90] Galaxy J1 (2016) smartphone -> none
OV [91] Galaxy J2 (2015) smartphone -> none
OV [92] Galaxy J3 (2016) smartphone -> OK
OV [93] Galaxy J3 (2017) smartphone -> OK
OV [94] Galaxy J4 smartphone -> OK
OV [95] Galaxy J4 Plus smartphone -> OK
OV [96] Galaxy J5 (2015) smartphone -> none
OV [97] Galaxy J5 (2016) smartphone -> OK
OV [98] Galaxy J5 Pro (2017) smartphone -> none
OV [99] Galaxy J6 smartphone -> OK
OV [100] Galaxy J6 Plus smartphone -> none
OV [101] Galaxy J7 (2016) smartphone -> OK
OV [102] Galaxy J7 Pro (2017) smartphone -> OK
OV [103] Galaxy J8 (2018) smartphone -> none
OV [104] Galaxy M10 smartphone -> OK
OV [105] Galaxy M11 smartphone -> none
OV [106] Galaxy M12 smartphone -> OK
OV [107] Galaxy M13 4G smartphone -> none
OV [108] Galaxy M14 smartphone -> none
OV [109] Galaxy M20 smartphone -> OK
OV [110] Galaxy M21 smartphone -> none
OV [111] Galaxy M22 smartphone -> none
OV [112] Galaxy M23 5G smartphone -> none
OV [113] Galaxy M30 smartphone -> none
OV [114] Galaxy M30S smartphone -> none
OV [115] Galaxy M31 smartphone -> OK
OV [116] Galaxy M31S smartphone -> OK
OV [117] Galaxy M32 smartphone -> none
OV [118] Galaxy M33 5G smartphone -> none
OV [119] Galaxy M51 smartphone -> none
OV [120] Galaxy M52 5G smartphone -> none
OV [121] Galaxy M53 5G smartphone -> none
OV [122] Galaxy M54 smartphone -> none
OV [123] Galaxy Mega smartphone -> OK
OV [124] Galaxy Note 20 5G smartphone -> none
OV [125] Galaxy Note 20 Ultra 5G smartphone -> none
OV [126] Galaxy S24 FE smartphone -> none
OV [127] Galaxy Z Flip smartphone -> OK
OV [128] Galaxy Z Flip 3 5G smartphone -> none
OV [129] Galaxy Z Flip 4 5G smartphone -> none
OV [130] Galaxy Z Flip 5 5G smartphone -> none
OV [131] Galaxy Z Flip 5G smartphone -> OK
OV [132] Galaxy Z Flip 6 5G smartphone -> none
OV [133] Galaxy Z Fold 2 5G smartphone -> none
OV [134] Galaxy Z Fold 3 5G smartphone -> none
OV [135] Galaxy Z Fold 4 5G smartphone -> none
OV [136] Galaxy Z Fold 5 5G smartphone -> none
OV [137] Galaxy Z Fold 6 5G smartphone -> none
OV [138] Goobay smartphone -> none
OV [139] Google Pixel 8 smartphone -> OK
OV [140] Google Pixel 8 Pro smartphone -> OK
OV [141] GOOGLE PIXEL PARTS smartphone -> OK
OV [142] Google Pixel 8a smartphone -> none
OV [143] Hard Drive Enclosures smartphone -> none
OV [144] Headset smartphone -> OK
OV [145] Hidden from login smartphone -> none
OV [146] Honor 10 smartphone -> OK
OV [147] Honor 10 Lite smartphone -> OK
OV [148] Honor 20 smartphone -> OK
OV [149] Honor 20 Lite smartphone -> none
OV [150] Honor 20 Pro smartphone -> none
OV [151] Honor 6A smartphone -> none
OV [152] Honor 8 smartphone -> OK
OV [153] Honor 8A smartphone -> none
OV [154] Honor 8X smartphone -> OK
OV [155] Honor 9 smartphone -> OK
OV [156] Honor 9N smartphone -> none
OV [157] HONOR Series smartphone -> OK
OV [158] Honor V30 Pro smartphone -> none
OV [159] Honor V8 smartphone -> none
OV [160] HP Toner smartphone -> none
OV [161] Huawei GT5 Pro smartphone -> none
OV [162] Huawei PARTS smartphone -> OK
OV [163] iMac smartphone -> OK
OV [164] iMac 21.5 inch (A1311) smartphone -> none
OV [165] iMac 21.5 inch (A1418) smartphone -> none
OV [166] iMac 21.5 inch (A2115) smartphone -> none
OV [167] iMac 21.5 inch (A2116) smartphone -> none
OV [168] iMac 27 inch (A1312) smartphone -> none
OV [169] iMac 27 inch (A1419) smartphone -> none
OV [170] iMac 27 inch (A1862) smartphone -> none
OV [171] iPad smartphone -> none
OV [172] iPad 10 (2022) smartphone -> none
OV [173] iPad 11 (2025) smartphone -> none
OV [174] iPad 2 smartphone -> OK
OV [175] iPad 3 smartphone -> OK
OV [176] iPad 4 smartphone -> OK
OV [177] iPad 5 (2017) smartphone -> none
OV [178] iPad 6 (2018) smartphone -> OK
OV [179] iPad 7 (2019) smartphone -> none
OV [180] iPad 8 (2020) smartphone -> none
OV [181] iPad 9 (2021) smartphone -> none
OV [182] iPad Air smartphone -> OK
OV [183] iPad Air 11" (6th Gen) smartphone -> none
OV [184] iPad Air 11" (7th Gen) smartphone -> OK
OV [185] iPad Air 13" (6th Gen) smartphone -> none
OV [186] iPad Air 13" (7th Gen) smartphone -> OK
OV [187] iPad Air 2 smartphone -> OK
OV [188] iPad Air 3 smartphone -> none
OV [189] iPad Air 4 smartphone -> OK
OV [190] iPad Air 5 smartphone -> none
OV [191] iPad Mini smartphone -> OK
OV [192] iPad Mini 2 smartphone -> none
OV [193] iPad Mini 3 smartphone -> none
OV [194] iPad Mini 4 smartphone -> none
OV [195] iPad Mini 5 smartphone -> none
OV [196] iPad Mini 6 smartphone -> OK
OV [197] iPad Mini 7 smartphone -> none
OV [198] iPad Pro 10.5 smartphone -> none
OV [199] iPad Pro 11 inch (1st Gen) smartphone -> none
OV [200] iPad Pro 11 inch (2nd Gen) smartphone -> none
OV [201] iPad Pro 11 inch (3rd gen) smartphone -> none
OV [202] iPad Pro 11 inch (4th gen) smartphone -> none
OV [203] iPad Pro 11 inch (5th Gen) smartphone -> none
OV [204] iPad Pro 12.9 (1st Gen) smartphone -> none
OV [205] iPad Pro 12.9 (2nd Gen) smartphone -> none
OV [206] iPad Pro 12.9 (3rd Gen) smartphone -> none
OV [207] iPad Pro 12.9 (4th Gen) smartphone -> none
OV [208] iPad Pro 12.9 (5th Gen) smartphone -> none
OV [209] iPad Pro 12.9 (6th Gen) smartphone -> none
OV [210] iPad Pro 13" (7th Gen) smartphone -> OK
OV [211] iPad Pro 9.7 smartphone -> none
OV [212] iPhone smartphone -> OK
OV [213] iPhone 11 smartphone -> OK
OV [214] iPhone 11 Pro smartphone -> OK
OV [215] iPhone 11 Pro Max smartphone -> OK
OV [216] iPhone 12 smartphone -> OK
OV [217] iPhone 12 Mini smartphone -> OK
OV [218] iPhone 12 Pro smartphone -> OK
OV [219] iPhone 12 Pro Max smartphone -> none
OV [220] iPhone 13 smartphone -> OK
OV [221] iPhone 13 Mini smartphone -> OK
OV [222] iPhone 13 Pro smartphone -> OK
OV [223] iPhone 13 Pro Max smartphone -> OK
OV [224] iPhone 14 smartphone -> OK
OV [225] iPhone 14 Plus smartphone -> OK
OV [226] iPhone 14 Pro smartphone -> OK
OV [227] iPhone 14 Pro Max smartphone -> OK
OV [228] iPhone 15 smartphone -> OK
OV [229] iPhone 15 Plus smartphone -> OK
OV [230] iPhone 15 Pro smartphone -> OK
OV [231] iPhone 15 Pro Max smartphone -> OK
OV [232] iPhone 16 smartphone -> OK
OV [233] iPhone 16 Plus smartphone -> OK
OV [234] iPhone 16 Pro smartphone -> OK
OV [235] iPhone 16 Pro Max smartphone -> OK
OV [236] iPhone 16e smartphone -> none
OV [237] iPhone 17 smartphone -> OK
OV [238] iPhone 17 Air smartphone -> OK
OV [239] iPhone 17 Pro smartphone -> OK
OV [240] iPhone 17 Pro Max smartphone -> OK
OV [241] iPhone 5 smartphone -> OK
OV [242] iPhone 5C smartphone -> OK
OV [243] iPhone 5S smartphone -> OK
OV [244] iPhone 6 smartphone -> OK
OV [245] iPhone 6 Plus smartphone -> OK
OV [246] iPhone 6S smartphone -> OK
OV [247] iPhone 6S Plus smartphone -> OK
OV [248] iPhone 6S Plus (10 Pack) smartphone -> none
OV [249] iPhone 7 smartphone -> OK
OV [250] iPhone 7 Devices smartphone -> OK
OV [251] iPhone 7 Plus smartphone -> OK
OV [252] iPhone 7 Plus Devices smartphone -> none
OV [253] iPhone 8 smartphone -> OK
OV [254] iPhone 8 Devices smartphone -> OK
OV [255] iPhone 8 Plus smartphone -> OK
OV [256] iPhone 8 Plus Devices smartphone -> OK
OV [257] iPhone Devices smartphone -> OK
OV [258] iPhone SE smartphone -> OK
OV [259] iPhone SE (2020) smartphone -> OK
OV [260] iPhone SE (2022) smartphone -> OK
OV [261] iPhone X smartphone -> OK
OV [262] iPhone X Devices smartphone -> OK
OV [263] iPhone XR smartphone -> OK
OV [264] iPhone XR Devices smartphone -> OK
OV [265] iPhone XS smartphone -> OK
OV [266] iPhone XS Devices smartphone -> OK
OV [267] iPhone XS Max smartphone -> OK
OV [268] iPhone XS Max Devices smartphone -> none
OV [269] iPhone11 smartphone -> OK
OV [270] IT + Multimedia smartphone -> OK
OV [271] J Series smartphone -> none
OV [272] Kitchen Timers smartphone -> none
OV [273] led light -> OK
OV [274] M Series smartphone -> OK
OV [275] Macbook smartphone -> OK
OV [276] MACBOOK 13 (A1181, EARLY 2008) smartphone -> none
OV [277] MACBOOK 13 (A1181, EARLY 2009) smartphone -> none
OV [278] MACBOOK 13 (A1181, LATE 2007) smartphone -> none
OV [279] MACBOOK 13 (A1181, MID 2006) smartphone -> none
OV [280] MACBOOK 13 (A1181, MID 2007) smartphone -> none
OV [281] MACBOOK 13 (A1181, MID 2009) smartphone -> none
OV [282] MacBook 13 inch (A1181) smartphone -> none
OV [283] Macbook Air smartphone -> OK
OV [284] MacBook Air 11 (A1370, Late 2010) smartphone -> none
OV [285] MacBook Air 11 (A1370, Mid 2011) smartphone -> none
OV [286] MacBook Air 11 (A1465, Early 2014) smartphone -> none
OV [287] MacBook Air 11 (A1465, Early 2015) smartphone -> none
OV [288] MacBook Air 11 (A1465, Mid 2012) smartphone -> none
OV [289] MacBook Air 11 (A1465, Mid 2013) smartphone -> none
OV [290] MacBook Air 11 inch (A1370) smartphone -> none
OV [291] MacBook Air 11 inch (A1465) smartphone -> none
OV [292] MacBook Air 13 (A1237, Early 2008) smartphone -> none
OV [293] MacBook Air 13 (A1304, Late 2008) smartphone -> none
OV [294] MacBook Air 13 (A1304, Mid 2009) smartphone -> none
OV [295] MacBook Air 13 (A1369, Late 2010) smartphone -> none
OV [296] MacBook Air 13 (A1369, Mid 2011) smartphone -> none
OV [297] MacBook Air 13 (A1466, Early 2014) smartphone -> none
OV [298] MacBook Air 13 (A1466, Early 2015) smartphone -> none
OV [299] MACBOOK AIR 13 (A1466, MID 2012) smartphone -> none
OV [300] MacBook Air 13 (A1466, Mid 2013) smartphone -> none
OV [301] MacBook Air 13 (A1466, Mid 2017) smartphone -> none
OV [302] Macbook Air 13 (A1932, Early 2019) smartphone -> none
OV [303] Macbook Air 13 (A1932, Late 2018) smartphone -> none
OV [304] MacBook Air 13 (A1932, Mid 2019) smartphone -> none
OV [305] MacBook Air 13 (A2179, Early 2020) smartphone -> none
OV [306] MacBook Air 13 (A2337, Late 2020) smartphone -> none
OV [307] MacBook Air 13 inch (A1369) smartphone -> none
OV [308] MacBook Air 13 inch (A1466) smartphone -> none
OV [309] MacBook Air 13 inch (A1932) smartphone -> none
OV [310] MacBook Air 13 inch (A2179) smartphone -> none
OV [311] Macbook Pro smartphone -> OK
OV [312] MACBOOK PRO 13 (A2159, MID 2019) smartphone -> none
OV [313] MACBOOK PRO 13 (A2251, MID 2020) smartphone -> none
OV [314] MACBOOK PRO 13 (A2289, MID 2020) smartphone -> none
OV [315] MacBook Pro 13 inch (A2159) smartphone -> none
OV [316] MacBook Pro 13 inch (A2251) smartphone -> none
OV [317] MacBook Pro 13 inch (A2289) smartphone -> none
OV [318] MACBOOK PRO 15 (A1260, EARLY 2008) smartphone -> none
OV [319] MACBOOK PRO 16 (A2141, MID 2019) smartphone -> none
OV [320] MacBook Pro 16 inch (A2141) smartphone -> none
OV [321] MacBook Pro Retina (A1398) smartphone -> none
OV [322] MacBook Pro Retina (A1425) smartphone -> none
OV [323] MacBook Pro Retina (A1502) smartphone -> none
OV [324] MacBook Pro Retina (A1708) smartphone -> none
OV [325] MacBook Pro Retina 13 (A1425, Early 2013) smartphone -> none
OV [326] MacBook Pro Retina 13 (A1425, Late 2012) smartphone -> none
OV [327] MACBOOK PRO RETINA 13 (A1502, EARLY 2015) smartphone -> none
OV [328] MACBOOK PRO RETINA 13 (A1502, LATE 2013) smartphone -> none
OV [329] MACBOOK PRO RETINA 13 (A1502, MID 2014) smartphone -> none
OV [330] MACBOOK PRO RETINA 13 (A1708, LATE 2016) smartphone -> none
OV [331] MACBOOK PRO RETINA 13 (A1708, MID 2017) smartphone -> none
OV [332] MacBook Pro Retina 15 (A1398, Early 2013) smartphone -> none
OV [333] MacBook Pro Retina 15 (A1398, Late 2013) smartphone -> none
OV [334] MacBook Pro Retina 15 (A1398, Mid 2012) smartphone -> none
OV [335] MacBook Pro Retina 15 (A1398, Mid 2014) smartphone -> none
OV [336] MacBook Pro Retina 15 (A1398, Mid 2015) smartphone -> none
OV [337] MACBOOK PRO TOUCH BAR 13 (A1706, LATE 2016) smartphone -> none
OV [338] MACBOOK PRO TOUCH BAR 13 (A1706, MID 2017) smartphone -> none
OV [339] MACBOOK PRO TOUCH BAR 13 (A1989, EARLY 2019) smartphone -> none
OV [340] MACBOOK PRO TOUCH BAR 13 (A1989, LATE 2018) smartphone -> none
OV [341] MacBook Pro Touch Bar 13 inch (A1706) smartphone -> none
OV [342] MacBook Pro Touch Bar 13 inch (A1989) smartphone -> none
OV [343] MACBOOK PRO TOUCH BAR 15 (A1707, LATE 2016) smartphone -> none
OV [344] MACBOOK PRO TOUCH BAR 15 (A1707, MID 2017) smartphone -> none
OV [345] MacBook Pro Touch Bar 15 inch (A1707) smartphone -> none
OV [346] MacBook Pro Touch Bar 15 inch (A1990) smartphone -> none
OV [347] MACBOOK PRO TOUCH BAR 15" (A1990, EARLY 2019) smartphone -> none
OV [348] MACBOOK PRO TOUCH BAR 15" (A1990, LATE 2018) smartphone -> none
OV [349] MACBOOK PRO UNIBODY 13 (A1278, EARLY 2011) smartphone -> none
OV [350] MACBOOK PRO UNIBODY 13 (A1278, LATE 2011) smartphone -> none
OV [351] MACBOOK PRO UNIBODY 13 (A1278, MID 2009) smartphone -> none
OV [352] MACBOOK PRO UNIBODY 13 (A1278, MID 2010) smartphone -> none
OV [353] MACBOOK PRO UNIBODY 13 (A1278, MID 2012) smartphone -> none
OV [354] MacBook Pro Unibody 13 inch (A1278) smartphone -> none
OV [355] MACBOOK PRO UNIBODY 15 (A1286, EARLY 2011) smartphone -> none
OV [356] MACBOOK PRO UNIBODY 15 (A1286, LATE 2008) smartphone -> none
OV [357] MACBOOK PRO UNIBODY 15 (A1286, LATE 2011) smartphone -> none
OV [358] MACBOOK PRO UNIBODY 15 (A1286, MID 2009) smartphone -> none
OV [359] MACBOOK PRO UNIBODY 15 (A1286, MID 2010) smartphone -> none
OV [360] MACBOOK PRO UNIBODY 15 (A1286, MID 2012) smartphone -> none
OV [361] MacBook Pro Unibody 15 inch (A1286) smartphone -> none
OV [362] MACBOOK PRO UNIBODY 17 (A1297, EARLY 2009) smartphone -> none
OV [363] MACBOOK PRO UNIBODY 17 (A1297, EARLY 2011) smartphone -> none
OV [364] MACBOOK PRO UNIBODY 17 (A1297, LATE 2011) smartphone -> none
OV [365] MACBOOK PRO UNIBODY 17 (A1297, MID 2009) smartphone -> none
OV [366] MACBOOK PRO UNIBODY 17 (A1297, MID 2010) smartphone -> none
OV [367] MACBOOK RETINA 12 (A1534, EARLY 2015) smartphone -> none
OV [368] MACBOOK RETINA 12 (A1534, EARLY 2016) smartphone -> none
OV [369] MACBOOK RETINA 12 (A1534, MID 2017) smartphone -> none
OV [370] MacBook Retina 12 inch (A1534) smartphone -> none
OV [371] MACBOOK UNIBODY 13 (A1278, LATE 2008) smartphone -> none
OV [372] MACBOOK UNIBODY 13 (A1342, LATE 2009) smartphone -> none
OV [373] MACBOOK UNIBODY 13 (A1342, MID 2010) smartphone -> none
OV [374] MacBook Unibody 13 inch (A1278) smartphone -> none
OV [375] MacBook Unibody 13 inch (A1342) smartphone -> none
OV [376] Magnetic Leather Wallet smartphone -> none
OV [377] Markers smartphone -> OK
OV [378] Mate 10 smartphone -> OK
OV [379] Mate 10 Lite smartphone -> none
OV [380] Mate 10 Pro smartphone -> OK
OV [381] Mate 20 smartphone -> OK
OV [382] Mate 20 Lite smartphone -> OK
OV [383] Mate 20 Pro smartphone -> OK
OV [384] Mate 30 smartphone -> none
OV [385] Mate 30 Lite smartphone -> none
OV [386] Mate 30 Pro smartphone -> none
OV [387] Mate 40 Pro smartphone -> OK
OV [388] Mate 8 smartphone -> OK
OV [389] Mate 9 smartphone -> OK
OV [390] Mate 9 Pro smartphone -> none
OV [391] MATE Series smartphone -> none
OV [392] Mi 10 smartphone -> OK
OV [393] Mi 10 Lite 5G smartphone -> OK
OV [394] Mi 10 Pro smartphone -> OK
OV [395] Mi 10T smartphone -> none
OV [396] Mi 10T Lite 5G smartphone -> none
OV [397] Mi 10T Pro smartphone -> none
OV [398] Mi 11 smartphone -> OK
OV [399] Mi 11 Lite smartphone -> OK
OV [400] Mi 11 Lite 5G smartphone -> OK
OV [401] Mi 11 Pro smartphone -> OK
OV [402] Mi 11 Ultra smartphone -> OK
OV [403] Mi 11i smartphone -> none
OV [404] Mi 11X Pro smartphone -> none
OV [405] Mi 8 smartphone -> OK
OV [406] Mi 8 Lite smartphone -> none
OV [407] Mi 8 Pro smartphone -> none
OV [408] Mi 9 smartphone -> OK
OV [409] Mi 9 Lite smartphone -> none
OV [410] Mi 9SE smartphone -> none
OV [411] Mi 9T (2019) smartphone -> none
OV [412] Mi 9T Pro (2019) smartphone -> none
OV [413] Mi A1 smartphone -> OK
OV [414] Mi A2 smartphone -> OK
OV [415] Mi A2 Lite smartphone -> none
OV [416] Mi A3 smartphone -> OK
OV [417] Mi CC9 Pro smartphone -> none
OV [418] Mi Max 2 smartphone -> none
OV [419] Mi Max 3 smartphone -> none
OV [420] Mi Mix / Mix Pro smartphone -> none
OV [421] Mi Mix 3 smartphone -> none
OV [422] Mi Note 10 smartphone -> OK
OV [423] Mi Note 10 Lite smartphone -> none
OV [424] Mi Note 10 Pro smartphone -> OK
OV [425] Mi Series smartphone -> OK
OV [426] Microsoft Surface Laptop 7th Edition 15" smartphone -> none
OV [427] Monitor Accessories smartphone -> OK
OV [428] N series smartphone -> OK
OV [429] Nova smartphone -> OK
OV [430] Nova 2 smartphone -> OK
OV [431] Nova 3 smartphone -> none
OV [432] Nova 3e smartphone -> none
OV [433] Nova 5T smartphone -> none
OV [434] Nova Lite smartphone -> none
OV [435] Nova Plus smartphone -> none
OV [436] Nova series smartphone -> OK
OV [437] OnePlus Nord 3 smartphone -> none
OV [438] OnePlus Nord 4 smartphone -> none
OV [439] OnePlus PARTS smartphone -> OK
OV [440] OnePlus 12 smartphone -> OK
OV [441] P Series smartphone -> OK
OV [442] P Smart smartphone -> OK
OV [443] P Smart (2019) smartphone -> none
OV [444] P Smart (2020) smartphone -> none
OV [445] P Smart (2021) smartphone -> none
OV [446] P Smart Plus smartphone -> none
OV [447] P Smart Plus (2018) smartphone -> none
OV [448] P Smart Plus (2019) smartphone -> none
OV [449] P Smart Pro (2019) smartphone -> none
OV [450] P Smart S Y8P smartphone -> none
OV [451] P Smart Z smartphone -> OK
OV [452] P10 smartphone -> OK
OV [453] P10 Lite smartphone -> none
OV [454] P10 Plus smartphone -> OK
OV [455] P20 smartphone -> OK
OV [456] P20 Lite smartphone -> none
OV [457] P20 Lite (2019) smartphone -> none
OV [458] P20 Pro smartphone -> OK
OV [459] P30 smartphone -> OK
OV [460] P30 Lite smartphone -> OK
OV [461] P30 Lite New Edition smartphone -> none
OV [462] P30 Pro smartphone -> OK
OV [463] P30 Pro New Edition (2020) smartphone -> none
OV [464] P40 smartphone -> OK
OV [465] P40 Lite smartphone -> none
OV [466] P40 Lite 5G smartphone -> none
OV [467] P40 Lite E smartphone -> none
OV [468] P40 Pro smartphone -> OK
OV [469] P40 Pro Plus smartphone -> none
OV [470] P7 smartphone -> OK
OV [471] P8 Lite smartphone -> OK
OV [472] P8 Lite (2017) smartphone -> OK
OV [473] P9 smartphone -> OK
OV [474] P9 Lite smartphone -> OK
OV [475] P9 Plus smartphone -> none
OV [476] stylus pen -> OK
OV [477] Pixel 3 smartphone -> OK
OV [478] Pixel 3 XL smartphone -> OK
OV [479] Pixel 3A smartphone -> OK
OV [480] Pixel 3A XL smartphone -> none
OV [481] Pixel 4 smartphone -> OK
OV [482] Pixel 4 XL smartphone -> OK
OV [483] Pixel 4A smartphone -> OK
OV [484] Pixel 4A 5G smartphone -> none
OV [485] Pixel 5 smartphone -> OK
OV [486] Pixel 5A 5G smartphone -> none
OV [487] Pixel 6 smartphone -> OK
OV [488] Pixel 6 Pro smartphone -> OK
OV [489] Pixel 6A smartphone -> OK
OV [490] Pixel 7 smartphone -> OK
OV [491] Pixel 7 Pro smartphone -> OK
OV [492] Pixel 7A smartphone -> none
OV [493] Pixel 8 smartphone -> OK
OV [494] Pixel 8 Pro smartphone -> OK
OV [495] Pixel 8A smartphone -> none
OV [496] Pixel 9 smartphone -> OK
OV [497] Pixel 9 Pro smartphone -> OK
OV [498] Pixel 9 Pro Fold smartphone -> none
OV [499] Pixel 9 Pro XL smartphone -> OK
OV [500] Pixel Fold smartphone -> OK
OV [501] Poco F2 Pro smartphone -> OK
OV [502] Poco F3 smartphone -> none
OV [503] Poco M3 smartphone -> none
OV [504] Poco M3 Pro 5G smartphone -> none
OV [505] Poco Series smartphone -> OK
OV [506] Poco X3 smartphone -> OK
OV [507] Poco X3 GT smartphone -> none
OV [508] Poco X3 Pro smartphone -> OK
OV [509] Pocophone F1 smartphone -> none
OV [510] Polishing Cloth for Apple smartphone -> none
OV [511] Privacy Filter smartphone -> none
OV [512] Redmi 10 smartphone -> OK
OV [513] Redmi 5 smartphone -> OK
OV [514] Redmi 5A smartphone -> none
OV [515] Redmi 6 smartphone -> OK
OV [516] Redmi 6A smartphone -> OK
OV [517] Redmi 7 smartphone -> OK
OV [518] Redmi 7A smartphone -> none
OV [519] Redmi 8 smartphone -> OK
OV [520] Redmi 8A smartphone -> none
OV [521] Redmi 8A Pro smartphone -> none
OV [522] Redmi 9 smartphone -> none
OV [523] Redmi 9A smartphone -> none
OV [524] Redmi 9AT smartphone -> none
OV [525] Redmi 9T smartphone -> none
OV [526] Redmi Note 10 smartphone -> OK
OV [527] Redmi Note 10 5G smartphone -> none
OV [528] Redmi Note 10 Pro smartphone -> none
OV [529] Redmi Note 10S smartphone -> OK
OV [530] Redmi Note 4x smartphone -> none
OV [531] Redmi Note 5 smartphone -> none
OV [532] Redmi Note 5A smartphone -> none
OV [533] Redmi Note 6 Pro smartphone -> OK
OV [534] Redmi Note 7 smartphone -> OK
OV [535] Redmi Note 8 smartphone -> OK
OV [536] Redmi Note 8 Pro smartphone -> OK
OV [537] Redmi Note 8T smartphone -> none
OV [538] Redmi Note 9 smartphone -> none
OV [539] Redmi Note 9 Pro smartphone -> none
OV [540] Redmi Note 9S smartphone -> OK
OV [541] Redmi Note 9T smartphone -> none
OV [542] Redmi Series smartphone -> none
OV [543] S Series smartphone -> OK
OV [544] S20 FE 5G smartphone -> OK
OV [545] S5 Active smartphone -> OK
OV [546] Samsung Galaxy A03S smartphone -> none
OV [547] Samsung Galaxy A04e smartphone -> none
OV [548] Samsung Galaxy A05 smartphone -> none
OV [549] Samsung Galaxy A05S smartphone -> none
OV [550] Samsung Galaxy A14 4G smartphone -> none
OV [551] Samsung Galaxy A14 5G smartphone -> none
OV [552] Samsung Galaxy A16 4G smartphone -> none
OV [553] Samsung Galaxy A17 4G smartphone -> none
OV [554] Samsung Galaxy A17 5G smartphone -> none
OV [555] Samsung Galaxy A24 smartphone -> none
OV [556] Samsung Galaxy A25 5G smartphone -> none
OV [557] Samsung Galaxy A26 5G smartphone -> none
OV [558] Samsung Galaxy A34 5G smartphone -> OK
OV [559] Samsung Galaxy A35 5G smartphone -> none
OV [560] Samsung Galaxy A36 5G smartphone -> none
OV [561] Samsung Galaxy A52S 5G smartphone -> none
OV [562] Samsung Galaxy A53 5G smartphone -> none
OV [563] Samsung Galaxy A54 5G smartphone -> OK
OV [564] Samsung Galaxy Note 10 smartphone -> OK
OV [565] Samsung Galaxy Note 10 Lite smartphone -> none
OV [566] Samsung Galaxy Note 10 Plus smartphone -> none
OV [567] Samsung Galaxy Note 2 smartphone -> OK
OV [568] Samsung Galaxy Note 20 smartphone -> OK
OV [569] Samsung Galaxy Note 20 Ultra smartphone -> none
OV [570] Samsung Galaxy Note 3 smartphone -> OK
OV [571] Samsung Galaxy Note 3 Neo smartphone -> none
OV [572] Samsung Galaxy Note 4 smartphone -> OK
OV [573] Samsung Galaxy Note 5 smartphone -> OK
OV [574] Samsung Galaxy Note 8 smartphone -> OK
OV [575] Samsung Galaxy Note 9 smartphone -> OK
OV [576] Samsung Galaxy S10 smartphone -> OK
OV [577] Samsung Galaxy S10 5G smartphone -> OK
OV [578] Samsung Galaxy S10 Lite smartphone -> OK
OV [579] Samsung Galaxy S10 Plus smartphone -> OK
OV [580] Samsung Galaxy S10E smartphone -> none
OV [581] Samsung Galaxy S20 smartphone -> OK
OV [582] Samsung Galaxy S20 FE smartphone -> none
OV [583] Samsung Galaxy S20 Plus smartphone -> OK
OV [584] Samsung Galaxy S20 Ultra smartphone -> OK
OV [585] Samsung Galaxy S21 FE smartphone -> none
OV [586] Samsung Galaxy S22 smartphone -> OK
OV [587] Samsung Galaxy S22 Plus smartphone -> none
OV [588] Samsung Galaxy S22 Ultra smartphone -> OK
OV [589] Samsung Galaxy S23 smartphone -> OK
OV [590] Samsung Galaxy S23 FE smartphone -> none
OV [591] Samsung Galaxy S23 Plus smartphone -> none
OV [592] Samsung Galaxy S23 Ultra smartphone -> OK
OV [593] Samsung Galaxy S24 smartphone -> none
OV [594] Samsung Galaxy S24 Plus smartphone -> none
OV [595] Samsung Galaxy S24 Ultra smartphone -> none
OV [596] Samsung Galaxy S25 smartphone -> OK
OV [597] Samsung Galaxy S25 Plus smartphone -> none
OV [598] Samsung Galaxy S25 Ultra smartphone -> OK
OV [599] Samsung Galaxy S3 smartphone -> OK
OV [600] Samsung Galaxy S3 Mini smartphone -> OK
OV [601] Samsung Galaxy S4 smartphone -> OK
OV [602] Samsung Galaxy S4 Active smartphone -> OK
OV [603] Samsung Galaxy S5 smartphone -> OK
OV [604] Samsung Galaxy S5 Neo smartphone -> OK
OV [605] Samsung Galaxy S6 smartphone -> OK
OV [606] Samsung Galaxy S6 Active smartphone -> none
OV [607] Samsung Galaxy S6 Edge smartphone -> OK
OV [608] Samsung Galaxy S6 Edge Plus smartphone -> OK
OV [609] Samsung Galaxy S7 smartphone -> OK
OV [610] Samsung Galaxy S7 Active smartphone -> none
OV [611] Samsung Galaxy S7 Edge smartphone -> OK
OV [612] Samsung Galaxy S8 smartphone -> OK
OV [613] Samsung Galaxy S8 Active smartphone -> none
OV [614] Samsung Galaxy S8 Plus smartphone -> OK
OV [615] Samsung Galaxy S9 smartphone -> OK
OV [616] Samsung Galaxy S9 Plus smartphone -> OK
OV [617] Samsung Galaxy Z Flip 7 5G smartphone -> none
OV [618] Samsung Galaxy Z Flip 7 FE 5G smartphone -> none
OV [619] Samsung Galaxy Z Fold 7 5G smartphone -> none
OV [620] SAMSUNG PARTS smartphone -> OK
OV [621] Samsung Remaining smartphone -> OK
OV [622] Samsung S20 5G smartphone -> OK
OV [623] Samsung S20 Plus 5G smartphone -> none
OV [624] Samsung S21 smartphone -> OK
OV [625] Samsung S21 Plus smartphone -> none
OV [626] Samsung S21 Ultra smartphone -> none
OV [627] Samsung Galaxy A16 5G smartphone -> none
OV [628] Samsung Galaxy A56 5G smartphone -> none
OV [629] Samsung Galaxy S25 Edge smartphone -> none
OV [630] Samsung Galaxy S25 FE smartphone -> none
OV [631] phone repair tool -> OK
OV [632] SONOFF smartphone -> none
OV [633] UNCATEGORIZED smartphone -> none
OV [634] Unibody (A1347) smartphone -> none
OV [635] USB-Hubs smartphone -> OK
OV [636] XIAOMI PARTS smartphone -> OK
OV [637] Y Series smartphone -> OK
OV [638] Y5 (2017) smartphone -> none
OV [639] Y5 (2018) smartphone -> none
OV [640] Y5 (2019) smartphone -> none
OV [641] Y6 (2015) smartphone -> none
OV [642] Y6 (2017) smartphone -> none
OV [643] Y6 (2018) smartphone -> none
OV [644] Y6 (2019) smartphone -> OK
OV [645] Y7 (2018) smartphone -> none
OV [646] Y7 (2019) smartphone -> none
OV [647] Y9 (2018) smartphone -> none
OV [648] Y9 (2019) smartphone -> OK
OV [649] Y9 Prime smartphone -> none
DL [1/209] (1 cats) https://api.openverse.org/v1/images/e7ad4f1f-4261-42b7-9e8f-
DL [2/209] (3 cats) https://api.openverse.org/v1/images/23f831c9-3f23-4388-b48a-
DL [3/209] (33 cats) https://api.openverse.org/v1/images/b552d74f-4ad0-4ca6-b8e6-
DL [4/209] (1 cats) https://api.openverse.org/v1/images/3b39918d-6543-4c87-a093-
DL [5/209] (1 cats) https://api.openverse.org/v1/images/a332b9c6-7f08-4f00-801d-
DL [6/209] (6 cats) https://images.mobileparts.shop/v7/Images/PartCategory/1/813
DL [7/209] (27 cats) https://images.mobileparts.shop/v7/Images/PartCategory/1/807
DL [8/209] (1 cats) https://api.openverse.org/v1/images/2bf5255a-5e5d-40a7-8cc0-
DL [9/209] (1 cats) https://api.openverse.org/v1/images/8faa9d6d-00a4-4a48-9b2f-
DL [10/209] (1 cats) https://api.openverse.org/v1/images/7b23da24-d0c4-4a1a-a484-
DL FAIL status 424 :: https://api.openverse.org/v1/images/038e2748-a124-4fc2-9e6a-
DL FAIL status 424 :: https://api.openverse.org/v1/images/9583a59a-4111-4be5-9477-
DL [13/209] (3 cats) https://api.openverse.org/v1/images/0e2d6bd1-f54a-4cbe-adce-
DL [14/209] (3 cats) https://api.openverse.org/v1/images/76ce92cf-9025-4d1a-b5bc-
DL FAIL status 424 :: https://api.openverse.org/v1/images/b0b46f2b-4d8d-492a-bf47-
DL FAIL status 424 :: https://api.openverse.org/v1/images/b904f0bc-590b-4ae7-8a85-
DL [17/209] (1 cats) https://api.openverse.org/v1/images/e872e109-8fbb-4ce3-ae6e-
DL [18/209] (1 cats) https://api.openverse.org/v1/images/8eac5eba-862c-46a0-b54f-
DL FAIL status 424 :: https://api.openverse.org/v1/images/19b4e044-b38a-41cd-9874-
DL FAIL status 424 :: https://api.openverse.org/v1/images/82dcb40e-c5d6-4e83-85c2-
DL [21/209] (1 cats) https://api.openverse.org/v1/images/44d173a4-386f-4f6b-af1c-
DL [22/209] (2 cats) https://api.openverse.org/v1/images/58cf2d3c-e041-4a7b-a574-
DL [23/209] (1 cats) https://api.openverse.org/v1/images/067b2b19-e1e5-4435-bc1d-
DL FAIL status 424 :: https://api.openverse.org/v1/images/6dfabb47-a1b1-47c6-bc81-
DL [25/209] (3 cats) https://api.openverse.org/v1/images/2ed053cd-6452-400e-a161-
DL [26/209] (1 cats) https://api.openverse.org/v1/images/bee3ca43-eac2-489d-80df-
DL [27/209] (1 cats) https://api.openverse.org/v1/images/bc8d9230-8ec8-4491-8f95-
DL FAIL status 424 :: https://api.openverse.org/v1/images/082f3520-0a3d-4871-989e-
DL [29/209] (1 cats) https://api.openverse.org/v1/images/6f34c9a7-2917-4868-9fb4-
DL FAIL status 424 :: https://api.openverse.org/v1/images/8aaa9631-c5ae-4e8c-b58c-
DL FAIL status 424 :: https://api.openverse.org/v1/images/0bbeb93c-87a7-464a-a3d9-
DL [32/209] (1 cats) https://api.openverse.org/v1/images/7ca533ce-aafa-461c-81d3-
DL FAIL status 424 :: https://api.openverse.org/v1/images/e23e04ef-8db8-4d3f-896f-
DL FAIL status 424 :: https://api.openverse.org/v1/images/88ac423b-8be3-4ce4-98ae-
DL [35/209] (1 cats) https://api.openverse.org/v1/images/7ab364e3-ea9d-498b-8f9e-
DL FAIL status 424 :: https://api.openverse.org/v1/images/3a1cfece-6485-4693-bcef-
DL [37/209] (1 cats) https://api.openverse.org/v1/images/7f365fff-930a-42cc-8b2b-
DL FAIL status 424 :: https://api.openverse.org/v1/images/55c70749-2060-4fd4-bbce-
DL [39/209] (1 cats) https://api.openverse.org/v1/images/ada04984-b089-446d-a9e4-
DL FAIL status 424 :: https://api.openverse.org/v1/images/60eae7ee-8273-40ba-a641-
DL FAIL status 424 :: https://api.openverse.org/v1/images/4751fe49-9650-4b16-9761-
DL FAIL status 424 :: https://api.openverse.org/v1/images/6a08e654-c555-433b-91bd-
DL FAIL status 424 :: https://api.openverse.org/v1/images/9d9e3245-4deb-4f75-bce7-
DL [44/209] (1 cats) https://api.openverse.org/v1/images/2323c680-738c-4ea9-a0c5-
DL [45/209] (1 cats) https://api.openverse.org/v1/images/f2a61cf7-c521-486e-a1ed-
DL [46/209] (1 cats) https://api.openverse.org/v1/images/b41fb5cc-20f1-4e9b-b77b-
DL FAIL status 424 :: https://api.openverse.org/v1/images/2b11ffe8-e9d6-41a7-8988-
DL [48/209] (1 cats) https://api.openverse.org/v1/images/030a6eb2-89c0-462c-a720-
DL [49/209] (1 cats) https://api.openverse.org/v1/images/2c623bb7-2356-47d8-9492-
DL [50/209] (1 cats) https://api.openverse.org/v1/images/e03fd9e5-1928-44b2-9552-
DL [51/209] (1 cats) https://api.openverse.org/v1/images/6fd113b0-0b81-4e3e-a070-
DL [52/209] (1 cats) https://api.openverse.org/v1/images/70d87099-df92-4c49-9029-
DL [53/209] (1 cats) https://api.openverse.org/v1/images/7abfbd7e-57a4-4737-a688-
DL [54/209] (1 cats) https://api.openverse.org/v1/images/c8a84540-199c-4312-9064-
DL [55/209] (1 cats) https://api.openverse.org/v1/images/06701826-6481-4180-b66b-
DL [56/209] (3 cats) https://api.openverse.org/v1/images/70eae0ce-0d25-44c5-82f5-
DL [57/209] (1 cats) https://api.openverse.org/v1/images/431651b4-6150-4620-b189-
DL [58/209] (5 cats) https://api.openverse.org/v1/images/857eb783-c06a-4ecc-97b6-
DL [59/209] (5 cats) https://api.openverse.org/v1/images/b6f7fbae-34cf-4b82-9761-
DL [60/209] (1 cats) https://api.openverse.org/v1/images/1086c415-8430-4216-af9b-
DL [61/209] (1 cats) https://api.openverse.org/v1/images/a5d600bd-9c07-4f0f-873a-
DL [62/209] (1 cats) https://api.openverse.org/v1/images/f8abbdd2-4314-4f28-b6cb-
DL [63/209] (1 cats) https://api.openverse.org/v1/images/bf8afc8b-6839-415e-a9ce-
DL [64/209] (1 cats) https://api.openverse.org/v1/images/a36ca77b-733a-4cc0-8247-
DL [65/209] (5 cats) https://api.openverse.org/v1/images/e9898778-febb-43a7-9f7c-
DL [66/209] (4 cats) https://api.openverse.org/v1/images/111ebcfd-8669-4ad0-aa80-
DL [67/209] (6 cats) https://api.openverse.org/v1/images/684af26a-4898-4820-903c-
DL [68/209] (1 cats) https://api.openverse.org/v1/images/37190a53-c952-4069-8343-
DL [69/209] (2 cats) https://api.openverse.org/v1/images/12b393bb-2b5c-479d-8bb1-
DL [70/209] (1 cats) https://api.openverse.org/v1/images/bb23d5ee-5db9-45a9-9c85-
DL [71/209] (1 cats) https://api.openverse.org/v1/images/9c6da9d8-bdb9-4b0f-b2ac-
DL [72/209] (1 cats) https://api.openverse.org/v1/images/7b0b1822-274b-462f-aace-
DL [73/209] (1 cats) https://api.openverse.org/v1/images/0e3ebaae-a68f-4889-96ae-
DL [74/209] (1 cats) https://api.openverse.org/v1/images/d8e648e1-79d0-4ab6-8a70-
DL [75/209] (1 cats) https://api.openverse.org/v1/images/a500d7af-c077-4ce4-bd7e-
DL [76/209] (1 cats) https://api.openverse.org/v1/images/71b06ec1-59fd-435b-803d-
DL [77/209] (1 cats) https://api.openverse.org/v1/images/49b1036b-85a9-44f1-b858-
DL [78/209] (2 cats) https://api.openverse.org/v1/images/f2939bc4-9cac-4238-9e2a-
DL [79/209] (1 cats) https://api.openverse.org/v1/images/e09d1c01-c817-4bff-aa64-
DL [80/209] (1 cats) https://api.openverse.org/v1/images/b0f017c1-ee95-4c50-9076-
DL [81/209] (1 cats) https://api.openverse.org/v1/images/d829f152-8688-4ea6-8b94-
DL [82/209] (1 cats) https://api.openverse.org/v1/images/0e5e51f0-6116-483f-b26a-
DL [83/209] (1 cats) https://api.openverse.org/v1/images/adb10669-eaa4-4f8e-8e9b-
DL [84/209] (1 cats) https://api.openverse.org/v1/images/d42f8cbb-f88f-4519-9f06-
DL [85/209] (1 cats) https://api.openverse.org/v1/images/b78e5c41-f3d9-444d-9846-
DL [86/209] (2 cats) https://api.openverse.org/v1/images/17fc80c2-a92a-40de-939e-
DL [87/209] (1 cats) https://api.openverse.org/v1/images/403667ef-21ce-466a-905b-
DL [88/209] (1 cats) https://api.openverse.org/v1/images/1f0bc3e5-c690-4b51-a7e0-
DL [89/209] (1 cats) https://api.openverse.org/v1/images/80b85426-ec82-49ed-b6cf-
DL [90/209] (1 cats) https://api.openverse.org/v1/images/7dd9de0b-eea7-4e69-841e-
DL [91/209] (1 cats) https://api.openverse.org/v1/images/9720b7db-5504-406c-ae04-
DL FAIL status 424 :: https://api.openverse.org/v1/images/dac220cb-53c8-4e03-9c1a-
DL [93/209] (1 cats) https://api.openverse.org/v1/images/9b290b30-29ad-4e78-a068-
DL [94/209] (1 cats) https://api.openverse.org/v1/images/3de8d4fd-07aa-4555-b43c-
DL [95/209] (1 cats) https://api.openverse.org/v1/images/5d6d66f6-5642-4386-8578-
DL FAIL status 424 :: https://api.openverse.org/v1/images/659882bb-7849-4b02-8889-
DL [97/209] (1 cats) https://api.openverse.org/v1/images/df946186-3dfe-47f1-93e7-
DL [98/209] (1 cats) https://api.openverse.org/v1/images/8b5e9522-4233-41ba-8c35-
DL [99/209] (1 cats) https://api.openverse.org/v1/images/2952855e-5a4a-44af-8b83-
DL [100/209] (1 cats) https://api.openverse.org/v1/images/de3f6e41-f399-4d19-8b8c-
DL [101/209] (1 cats) https://api.openverse.org/v1/images/64641da9-e8c1-4cc8-8337-
DL [102/209] (1 cats) https://api.openverse.org/v1/images/2e8e2e4a-ab42-4f16-a5f1-
DL [103/209] (1 cats) https://api.openverse.org/v1/images/7d230d2a-b047-44b7-9be4-
DL [104/209] (1 cats) https://api.openverse.org/v1/images/d85c4a3c-3dda-49e8-b23c-
DL [105/209] (2 cats) https://api.openverse.org/v1/images/519caeec-7393-417a-86dd-
DL FAIL status 424 :: https://api.openverse.org/v1/images/7124a84a-77d8-48db-b26f-
DL FAIL status 424 :: https://api.openverse.org/v1/images/ec882cd4-bcae-48d7-a9fa-
DL [108/209] (1 cats) https://api.openverse.org/v1/images/1ee45d9b-8092-4135-82fb-
DL [109/209] (1 cats) https://api.openverse.org/v1/images/d098c383-4af9-47f5-a3f8-
DL [110/209] (1 cats) https://api.openverse.org/v1/images/a9aa3593-4337-4f92-a3c2-
DL FAIL status 424 :: https://api.openverse.org/v1/images/c1a139b3-9e0c-41eb-9c3e-
DL [112/209] (1 cats) https://api.openverse.org/v1/images/812a6c49-f959-496a-a78b-
DL FAIL status 424 :: https://api.openverse.org/v1/images/0600fcd8-593e-41c4-ba3b-
DL [114/209] (1 cats) https://api.openverse.org/v1/images/117f447f-df32-4d56-bfc6-
DL [115/209] (1 cats) https://api.openverse.org/v1/images/43005471-e238-4ff4-829b-
DL FAIL status 424 :: https://api.openverse.org/v1/images/abed4eae-2118-4bd0-bb37-
DL [117/209] (1 cats) https://api.openverse.org/v1/images/8f67a8f8-be94-4a6d-a621-
DL FAIL status 424 :: https://api.openverse.org/v1/images/7382dc01-bcab-4f03-93f7-
DL [119/209] (1 cats) https://api.openverse.org/v1/images/e916521f-f9ef-4953-bcf0-
DL [120/209] (1 cats) https://api.openverse.org/v1/images/5a66584c-9823-499f-97e7-
DL [121/209] (1 cats) https://api.openverse.org/v1/images/65ee0fac-7be2-435b-b14b-
DL [122/209] (2 cats) https://api.openverse.org/v1/images/2da12a88-500d-4007-8108-
DL [123/209] (1 cats) https://api.openverse.org/v1/images/12ab1807-128b-4acc-8d93-
DL FAIL status 424 :: https://api.openverse.org/v1/images/05497bf3-30d2-40f9-b063-
DL [125/209] (1 cats) https://api.openverse.org/v1/images/b784e738-7ec0-489f-8e1c-
DL FAIL status 424 :: https://api.openverse.org/v1/images/f237c763-5c13-431e-ae92-
DL [127/209] (1 cats) https://api.openverse.org/v1/images/0b299a1d-aef6-4a57-93ca-
DL FAIL status 424 :: https://api.openverse.org/v1/images/8cb7f84e-8f8d-4302-987c-
DL [129/209] (1 cats) https://api.openverse.org/v1/images/f5b3c3af-5a1f-4904-9dc4-
DL [130/209] (1 cats) https://api.openverse.org/v1/images/4d656d4f-8dd4-482b-90ac-
DL [131/209] (2 cats) https://api.openverse.org/v1/images/1524d2be-0918-49e9-b51a-
DL [132/209] (2 cats) https://api.openverse.org/v1/images/78066c0a-0a15-446e-afeb-
DL [133/209] (1 cats) https://api.openverse.org/v1/images/942ff472-0a1f-495d-9456-
DL [134/209] (3 cats) https://api.openverse.org/v1/images/126edb87-f2eb-455c-8e79-
DL [135/209] (1 cats) https://api.openverse.org/v1/images/90cf67c3-3bd2-4882-acba-
DL [136/209] (1 cats) https://api.openverse.org/v1/images/851cb669-f587-46ce-9e40-
DL [137/209] (1 cats) https://api.openverse.org/v1/images/609ed595-0575-4605-931a-
DL [138/209] (1 cats) https://api.openverse.org/v1/images/0e795323-5279-4535-9356-
DL [139/209] (1 cats) https://api.openverse.org/v1/images/f21c7df6-4ae5-4ce2-a438-
DL [140/209] (1 cats) https://api.openverse.org/v1/images/df4a1ae4-cbed-4a46-8847-
DL [141/209] (2 cats) https://images.mobileparts.shop/v7/Images/PartCategory/1/517
DL [142/209] (2 cats) https://api.openverse.org/v1/images/7d3701ca-66d2-4b9d-a81d-
DL FAIL status 424 :: https://api.openverse.org/v1/images/1f225ea8-a7c9-4a3b-9344-
DL [144/209] (1 cats) https://api.openverse.org/v1/images/9e34836f-0e1d-4553-b2c5-
DL [145/209] (1 cats) https://api.openverse.org/v1/images/a87f321a-5b60-46c4-b1bb-
DL [146/209] (1 cats) https://api.openverse.org/v1/images/ae88a30c-4261-4d58-b78f-
DL [147/209] (1 cats) https://api.openverse.org/v1/images/dd72150c-9588-404f-97ef-
DL [148/209] (1 cats) https://api.openverse.org/v1/images/3cb5c920-b1e1-450f-88df-
DL FAIL status 424 :: https://api.openverse.org/v1/images/b25b7bab-3067-4818-b741-
DL [150/209] (1 cats) https://api.openverse.org/v1/images/d9b04a13-e234-46fb-8070-
DL [151/209] (1 cats) https://api.openverse.org/v1/images/4b901a2d-6c84-44ee-ae73-
DL [152/209] (1 cats) https://api.openverse.org/v1/images/700b8f92-bdd1-4439-a597-
DL [153/209] (1 cats) https://api.openverse.org/v1/images/c4a107b4-26d7-4261-bc33-
DL FAIL status 424 :: https://api.openverse.org/v1/images/e5d3d10c-c1fd-438b-ad7c-
DL FAIL status 424 :: https://api.openverse.org/v1/images/a4b08566-83ac-43ac-9ce1-
DL FAIL status 424 :: https://api.openverse.org/v1/images/a76016db-62bb-4665-92c8-
DL [157/209] (1 cats) https://api.openverse.org/v1/images/e652079a-d4e8-49b9-a7e9-
DL [158/209] (1 cats) https://api.openverse.org/v1/images/a79335f9-ec66-4c1e-8497-
DL FAIL status 424 :: https://api.openverse.org/v1/images/41134eaa-bf42-4b9e-862c-
DL [160/209] (9 cats) https://images.mobileparts.shop/v7/Images/PartCategory/1/848
DL [161/209] (5 cats) https://api.openverse.org/v1/images/6be3561e-4970-4ed2-add4-
DL [162/209] (1 cats) https://api.openverse.org/v1/images/a20b5a00-8299-460d-97c9-
DL FAIL status 424 :: https://api.openverse.org/v1/images/be18736e-2235-4164-8ec1-
DL FAIL status 424 :: https://api.openverse.org/v1/images/01be41df-6105-46b9-b3ae-
DL [165/209] (3 cats) https://api.openverse.org/v1/images/987230b7-d1f3-4ca2-bdff-
DL FAIL status 424 :: https://api.openverse.org/v1/images/71be78fe-378a-475f-8d95-
DL [167/209] (1 cats) https://api.openverse.org/v1/images/9da6ac1c-b2d2-4cda-be21-
DL [168/209] (1 cats) https://api.openverse.org/v1/images/be4fa709-eae3-4418-a2b7-
DL [169/209] (1 cats) https://api.openverse.org/v1/images/4c325549-e9e1-448e-943d-
DL FAIL status 424 :: https://api.openverse.org/v1/images/70221823-e8a2-4097-937a-
DL FAIL status 424 :: https://api.openverse.org/v1/images/dddc9bc6-1a58-4b70-8795-
DL [172/209] (2 cats) https://api.openverse.org/v1/images/96bdad0e-3156-4bb9-a251-
DL [173/209] (1 cats) https://api.openverse.org/v1/images/a08addbf-421b-4224-a130-
DL [174/209] (1 cats) https://api.openverse.org/v1/images/3f0bd08e-e2ef-40a2-a71d-
DL [175/209] (1 cats) https://api.openverse.org/v1/images/4e9dc20a-f6b4-4e20-91ae-
DL [176/209] (1 cats) https://api.openverse.org/v1/images/1f168878-b835-46b0-acaf-
DL [177/209] (1 cats) https://api.openverse.org/v1/images/9249d895-9600-4eb9-8889-
DL [178/209] (1 cats) https://api.openverse.org/v1/images/eb51b283-b85f-4f4e-b278-
DL [179/209] (1 cats) https://api.openverse.org/v1/images/9a35f27d-4189-4a66-9bb4-
DL [180/209] (1 cats) https://api.openverse.org/v1/images/f1ea00b8-5984-4527-9946-
DL [181/209] (1 cats) https://api.openverse.org/v1/images/ca504f93-46d2-44ab-a65f-
DL FAIL status 424 :: https://api.openverse.org/v1/images/383f0dac-f017-4694-af49-
DL [183/209] (2 cats) https://api.openverse.org/v1/images/e4b461d2-3cdd-45d4-9192-
DL [184/209] (2 cats) https://api.openverse.org/v1/images/02448713-1654-469f-92cc-
DL FAIL status 424 :: https://api.openverse.org/v1/images/26145208-6419-4ec6-8a6c-
DL FAIL status 424 :: https://api.openverse.org/v1/images/5823e5f5-228d-44da-bef5-
DL [187/209] (1 cats) https://api.openverse.org/v1/images/47e34cca-6f32-485d-af28-
DL [188/209] (1 cats) https://api.openverse.org/v1/images/4071bce8-55f9-49b2-967d-
DL [189/209] (2 cats) https://api.openverse.org/v1/images/c8c25a8b-ffc4-4de5-bcc5-
DL [190/209] (1 cats) https://api.openverse.org/v1/images/b2a829a8-aa55-488a-9f81-
DL [191/209] (1 cats) https://api.openverse.org/v1/images/fa8f9fb8-c749-4123-ad90-
DL [192/209] (1 cats) https://api.openverse.org/v1/images/812666fa-8090-408a-ab63-
DL [193/209] (1 cats) https://api.openverse.org/v1/images/8a7ce913-20fd-4f3f-b34b-
DL [194/209] (1 cats) https://api.openverse.org/v1/images/11db8895-70f8-4395-9c25-
DL [195/209] (1 cats) https://api.openverse.org/v1/images/7d8d2102-49ad-444e-9e76-
DL FAIL status 424 :: https://api.openverse.org/v1/images/5a14c45c-6505-41e8-a569-
DL [197/209] (1 cats) https://api.openverse.org/v1/images/556e16ff-5c17-411f-aa3b-
DL [198/209] (1 cats) https://api.openverse.org/v1/images/e7867a1b-765d-49a8-936b-
DL [199/209] (2 cats) https://api.openverse.org/v1/images/d76087cb-2300-49ee-b8bc-
DL [200/209] (1 cats) https://api.openverse.org/v1/images/f1f9c7e1-fb59-4abd-96db-
DL [201/209] (1 cats) https://api.openverse.org/v1/images/825161bf-8fbd-42e7-aa4b-
DL [202/209] (1 cats) https://api.openverse.org/v1/images/01df9638-297a-4d4f-9666-
DL [203/209] (1 cats) https://api.openverse.org/v1/images/ec771bbe-1fa9-44fc-a957-
DL [204/209] (1 cats) https://api.openverse.org/v1/images/e24ff1d0-26f5-4488-a8e2-
DL [205/209] (1 cats) https://api.openverse.org/v1/images/f56b1c90-7887-45ce-bf96-
DL [206/209] (1 cats) https://api.openverse.org/v1/images/6c0ba978-e1e8-4b44-a2fb-
DL [207/209] (1 cats) https://api.openverse.org/v1/images/ecdcd122-8ff6-40a4-ab01-
DL FAIL status 424 :: https://api.openverse.org/v1/images/b380947e-7707-4c4c-a7a3-
DL FAIL status 424 :: https://api.openverse.org/v1/images/6aa59114-b467-438f-9736-

DONE: downloaded sources for 286 of 726 categories (162 ok, 47 fail).
